/ Jest Snapshot v1, https://goo.gl/fbAQLP

exports[`<Main /> matches the last snapshot 1`] = `
<BrowserRouter>
  <Route
     component={[Function]}
     path=“/”
   />
    <Switch>
       <Route
         component={[Function]}
         exact={true}
         path=“/calendar”
       />
       <Route
         component={[Function]}
         path=“/statistics”
       />
       <Route
         component={[Function]}
         path=“/login”
       />
     </Switch>
 </BrowserRouter>